Build profile: -w ghc-9.10.1 -O1
In order, the following will be built (use -v for more details):
 - typing-c-0.1.0.0 (lib) (file src\C\Typing\Clang.hs changed)
 - typing-c-0.1.0.0 (test:tests) (dependency rebuilt)
Preprocessing library for typing-c-0.1.0.0...
Building library for typing-c-0.1.0.0...
[5 of 5] Compiling C.Typing.Clang   ( src\C\Typing\Clang.hs, C:\Docs\Code\Haskell\hs-bindgen\dist-newstyle\build\x86_64-windows\ghc-9.10.1\typing-c-0.1.0.0\build\C\Typing\Clang.o ) [Source file changed]
Preprocessing test suite 'tests' for typing-c-0.1.0.0...
Building test suite 'tests' for typing-c-0.1.0.0...
[1 of 1] Compiling Main             ( test\Main.hs, C:\Docs\Code\Haskell\hs-bindgen\dist-newstyle\build\x86_64-windows\ghc-9.10.1\typing-c-0.1.0.0\t\tests\build\tests\tests-tmp\Main.o ) [C.Typing.Clang changed]
[2 of 2] Linking C:\\Docs\\Code\\Haskell\\hs-bindgen\\dist-newstyle\\build\\x86_64-windows\\ghc-9.10.1\\typing-c-0.1.0.0\\t\\tests\\build\\tests\\tests.exe [Objects changed]
Running 1 test suites...
Test suite tests: RUNNING...
Unary operators
+
   FAILED:
   ty_1 *
     - computed type: ty_1 *
     -  Clang's type: <n/a>


-
   PASSED (16 tests)
!
   PASSED (16 tests)
~
   PASSED (16 tests)
Binary operators
*
   FAILED:
   bool , ptrdiff_t 
     - computed type: ptrdiff_t
     -  Clang's type: long long

   char , ptrdiff_t 
     - computed type: ptrdiff_t
     -  Clang's type: long long

   signed char , ptrdiff_t 
     - computed type: ptrdiff_t
     -  Clang's type: long long

   unsigned char , ptrdiff_t 
     - computed type: ptrdiff_t
     -  Clang's type: long long

   short , ptrdiff_t 
     - computed type: ptrdiff_t
     -  Clang's type: long long

   unsigned short , ptrdiff_t 
     - computed type: ptrdiff_t
     -  Clang's type: long long

   int , ptrdiff_t 
     - computed type: ptrdiff_t
     -  Clang's type: long long

   unsigned int , long 
     - computed type: long
     -  Clang's type: unsigned long

   unsigned int , ptrdiff_t 
     - computed type: ptrdiff_t
     -  Clang's type: long long

   long , unsigned int 
     - computed type: long
     -  Clang's type: unsigned long

   long , ptrdiff_t 
     - computed type: long
     -  Clang's type: long long

   unsigned long , long long 
     - computed type: unsigned long long
     -  Clang's type: long long

   unsigned long , ptrdiff_t 
     - computed type: unsigned long
     -  Clang's type: long long

   long long , unsigned long 
     - computed type: unsigned long long
     -  Clang's type: long long

   ptrdiff_t , bool 
     - computed type: ptrdiff_t
     -  Clang's type: long long

   ptrdiff_t , char 
     - computed type: ptrdiff_t
     -  Clang's type: long long

   ptrdiff_t , signed char 
     - computed type: ptrdiff_t
     -  Clang's type: long long

   ptrdiff_t , unsigned char 
     - computed type: ptrdiff_t
     -  Clang's type: long long

   ptrdiff_t , short 
     - computed type: ptrdiff_t
     -  Clang's type: long long

   ptrdiff_t , unsigned short 
     - computed type: ptrdiff_t
     -  Clang's type: long long

   ptrdiff_t , int 
     - computed type: ptrdiff_t
     -  Clang's type: long long

   ptrdiff_t , unsigned int 
     - computed type: ptrdiff_t
     -  Clang's type: long long

   ptrdiff_t , long 
     - computed type: long
     -  Clang's type: long long

   ptrdiff_t , unsigned long 
     - computed type: unsigned long
     -  Clang's type: long long

   ptrdiff_t , ptrdiff_t 
     - computed type: ptrdiff_t
     -  Clang's type: long long


/
   FAILED:
   bool , ptrdiff_t 
     - computed type: ptrdiff_t
     -  Clang's type: long long

   char , ptrdiff_t 
     - computed type: ptrdiff_t
     -  Clang's type: long long

   signed char , ptrdiff_t 
     - computed type: ptrdiff_t
     -  Clang's type: long long

   unsigned char , ptrdiff_t 
     - computed type: ptrdiff_t
     -  Clang's type: long long

   short , ptrdiff_t 
     - computed type: ptrdiff_t
     -  Clang's type: long long

   unsigned short , ptrdiff_t 
     - computed type: ptrdiff_t
     -  Clang's type: long long

   int , ptrdiff_t 
     - computed type: ptrdiff_t
     -  Clang's type: long long

   unsigned int , long 
     - computed type: long
     -  Clang's type: unsigned long

   unsigned int , ptrdiff_t 
     - computed type: ptrdiff_t
     -  Clang's type: long long

   long , unsigned int 
     - computed type: long
     -  Clang's type: unsigned long

   long , ptrdiff_t 
     - computed type: long
     -  Clang's type: long long

   unsigned long , long long 
     - computed type: unsigned long long
     -  Clang's type: long long

   unsigned long , ptrdiff_t 
     - computed type: unsigned long
     -  Clang's type: long long

   long long , unsigned long 
     - computed type: unsigned long long
     -  Clang's type: long long

   ptrdiff_t , bool 
     - computed type: ptrdiff_t
     -  Clang's type: long long

   ptrdiff_t , char 
     - computed type: ptrdiff_t
     -  Clang's type: long long

   ptrdiff_t , signed char 
     - computed type: ptrdiff_t
     -  Clang's type: long long

   ptrdiff_t , unsigned char 
     - computed type: ptrdiff_t
     -  Clang's type: long long

   ptrdiff_t , short 
     - computed type: ptrdiff_t
     -  Clang's type: long long

   ptrdiff_t , unsigned short 
     - computed type: ptrdiff_t
     -  Clang's type: long long

   ptrdiff_t , int 
     - computed type: ptrdiff_t
     -  Clang's type: long long

   ptrdiff_t , unsigned int 
     - computed type: ptrdiff_t
     -  Clang's type: long long

   ptrdiff_t , long 
     - computed type: long
     -  Clang's type: long long

   ptrdiff_t , unsigned long 
     - computed type: unsigned long
     -  Clang's type: long long

   ptrdiff_t , ptrdiff_t 
     - computed type: ptrdiff_t
     -  Clang's type: long long


%
   FAILED:
   bool , ptrdiff_t 
     - computed type: ptrdiff_t
     -  Clang's type: long long

   char , ptrdiff_t 
     - computed type: ptrdiff_t
     -  Clang's type: long long

   signed char , ptrdiff_t 
     - computed type: ptrdiff_t
     -  Clang's type: long long

   unsigned char , ptrdiff_t 
     - computed type: ptrdiff_t
     -  Clang's type: long long

   short , ptrdiff_t 
     - computed type: ptrdiff_t
     -  Clang's type: long long

   unsigned short , ptrdiff_t 
     - computed type: ptrdiff_t
     -  Clang's type: long long

   int , ptrdiff_t 
     - computed type: ptrdiff_t
     -  Clang's type: long long

   unsigned int , long 
     - computed type: long
     -  Clang's type: unsigned long

   unsigned int , ptrdiff_t 
     - computed type: ptrdiff_t
     -  Clang's type: long long

   long , unsigned int 
     - computed type: long
     -  Clang's type: unsigned long

   long , ptrdiff_t 
     - computed type: long
     -  Clang's type: long long

   unsigned long , long long 
     - computed type: unsigned long long
     -  Clang's type: long long

   unsigned long , ptrdiff_t 
     - computed type: unsigned long
     -  Clang's type: long long

   long long , unsigned long 
     - computed type: unsigned long long
     -  Clang's type: long long

   ptrdiff_t , bool 
     - computed type: ptrdiff_t
     -  Clang's type: long long

   ptrdiff_t , char 
     - computed type: ptrdiff_t
     -  Clang's type: long long

   ptrdiff_t , signed char 
     - computed type: ptrdiff_t
     -  Clang's type: long long

   ptrdiff_t , unsigned char 
     - computed type: ptrdiff_t
     -  Clang's type: long long

   ptrdiff_t , short 
     - computed type: ptrdiff_t
     -  Clang's type: long long

   ptrdiff_t , unsigned short 
     - computed type: ptrdiff_t
     -  Clang's type: long long

   ptrdiff_t , int 
     - computed type: ptrdiff_t
     -  Clang's type: long long

   ptrdiff_t , unsigned int 
     - computed type: ptrdiff_t
     -  Clang's type: long long

   ptrdiff_t , long 
     - computed type: long
     -  Clang's type: long long

   ptrdiff_t , unsigned long 
     - computed type: unsigned long
     -  Clang's type: long long

   ptrdiff_t , ptrdiff_t 
     - computed type: ptrdiff_t
     -  Clang's type: long long


+
   FAILED:
   bool , ptrdiff_t 
     - computed type: ptrdiff_t
     -  Clang's type: long long

   char , ptrdiff_t 
     - computed type: ptrdiff_t
     -  Clang's type: long long

   signed char , ptrdiff_t 
     - computed type: ptrdiff_t
     -  Clang's type: long long

   unsigned char , ptrdiff_t 
     - computed type: ptrdiff_t
     -  Clang's type: long long

   short , ptrdiff_t 
     - computed type: ptrdiff_t
     -  Clang's type: long long

   unsigned short , ptrdiff_t 
     - computed type: ptrdiff_t
     -  Clang's type: long long

   int , ptrdiff_t 
     - computed type: ptrdiff_t
     -  Clang's type: long long

   unsigned int , long 
     - computed type: long
     -  Clang's type: unsigned long

   unsigned int , ptrdiff_t 
     - computed type: ptrdiff_t
     -  Clang's type: long long

   long , unsigned int 
     - computed type: long
     -  Clang's type: unsigned long

   long , ptrdiff_t 
     - computed type: long
     -  Clang's type: long long

   unsigned long , long long 
     - computed type: unsigned long long
     -  Clang's type: long long

   unsigned long , ptrdiff_t 
     - computed type: unsigned long
     -  Clang's type: long long

   long long , unsigned long 
     - computed type: unsigned long long
     -  Clang's type: long long

   ptrdiff_t , bool 
     - computed type: ptrdiff_t
     -  Clang's type: long long

   ptrdiff_t , char 
     - computed type: ptrdiff_t
     -  Clang's type: long long

   ptrdiff_t , signed char 
     - computed type: ptrdiff_t
     -  Clang's type: long long

   ptrdiff_t , unsigned char 
     - computed type: ptrdiff_t
     -  Clang's type: long long

   ptrdiff_t , short 
     - computed type: ptrdiff_t
     -  Clang's type: long long

   ptrdiff_t , unsigned short 
     - computed type: ptrdiff_t
     -  Clang's type: long long

   ptrdiff_t , int 
     - computed type: ptrdiff_t
     -  Clang's type: long long

   ptrdiff_t , unsigned int 
     - computed type: ptrdiff_t
     -  Clang's type: long long

   ptrdiff_t , long 
     - computed type: long
     -  Clang's type: long long

   ptrdiff_t , unsigned long 
     - computed type: unsigned long
     -  Clang's type: long long

   ptrdiff_t , ptrdiff_t 
     - computed type: ptrdiff_t
     -  Clang's type: long long


-
   FAILED:
   bool , ptrdiff_t 
     - computed type: ptrdiff_t
     -  Clang's type: long long

   char , ptrdiff_t 
     - computed type: ptrdiff_t
     -  Clang's type: long long

   signed char , ptrdiff_t 
     - computed type: ptrdiff_t
     -  Clang's type: long long

   unsigned char , ptrdiff_t 
     - computed type: ptrdiff_t
     -  Clang's type: long long

   short , ptrdiff_t 
     - computed type: ptrdiff_t
     -  Clang's type: long long

   unsigned short , ptrdiff_t 
     - computed type: ptrdiff_t
     -  Clang's type: long long

   int , ptrdiff_t 
     - computed type: ptrdiff_t
     -  Clang's type: long long

   unsigned int , long 
     - computed type: long
     -  Clang's type: unsigned long

   unsigned int , ptrdiff_t 
     - computed type: ptrdiff_t
     -  Clang's type: long long

   long , unsigned int 
     - computed type: long
     -  Clang's type: unsigned long

   long , ptrdiff_t 
     - computed type: long
     -  Clang's type: long long

   unsigned long , long long 
     - computed type: unsigned long long
     -  Clang's type: long long

   unsigned long , ptrdiff_t 
     - computed type: unsigned long
     -  Clang's type: long long

   long long , unsigned long 
     - computed type: unsigned long long
     -  Clang's type: long long

   ptrdiff_t , bool 
     - computed type: ptrdiff_t
     -  Clang's type: long long

   ptrdiff_t , char 
     - computed type: ptrdiff_t
     -  Clang's type: long long

   ptrdiff_t , signed char 
     - computed type: ptrdiff_t
     -  Clang's type: long long

   ptrdiff_t , unsigned char 
     - computed type: ptrdiff_t
     -  Clang's type: long long

   ptrdiff_t , short 
     - computed type: ptrdiff_t
     -  Clang's type: long long

   ptrdiff_t , unsigned short 
     - computed type: ptrdiff_t
     -  Clang's type: long long

   ptrdiff_t , int 
     - computed type: ptrdiff_t
     -  Clang's type: long long

   ptrdiff_t , unsigned int 
     - computed type: ptrdiff_t
     -  Clang's type: long long

   ptrdiff_t , long 
     - computed type: long
     -  Clang's type: long long

   ptrdiff_t , unsigned long 
     - computed type: unsigned long
     -  Clang's type: long long

   ptrdiff_t , ptrdiff_t 
     - computed type: ptrdiff_t
     -  Clang's type: long long

   ty_1 *, ty_1 *
     - computed type: ptrdiff_t
     -  Clang's type: long long


<<
   PASSED (257 tests)
>>
   PASSED (257 tests)
<
   FAILED:
   bool , ty_1 *
     - computed type: <n/a>
     -  Clang's type: int

   char , ty_1 *
     - computed type: <n/a>
     -  Clang's type: int

   signed char , ty_1 *
     - computed type: <n/a>
     -  Clang's type: int

   unsigned char , ty_1 *
     - computed type: <n/a>
     -  Clang's type: int

   short , ty_1 *
     - computed type: <n/a>
     -  Clang's type: int

   unsigned short , ty_1 *
     - computed type: <n/a>
     -  Clang's type: int

   int , ty_1 *
     - computed type: <n/a>
     -  Clang's type: int

   unsigned int , ty_1 *
     - computed type: <n/a>
     -  Clang's type: int

   long , ty_1 *
     - computed type: <n/a>
     -  Clang's type: int

   unsigned long , ty_1 *
     - computed type: <n/a>
     -  Clang's type: int

   long long , ty_1 *
     - computed type: <n/a>
     -  Clang's type: int

   unsigned long long , ty_1 *
     - computed type: <n/a>
     -  Clang's type: int

   ptrdiff_t , ty_1 *
     - computed type: <n/a>
     -  Clang's type: int

   ty_1 *, bool 
     - computed type: <n/a>
     -  Clang's type: int

   ty_1 *, char 
     - computed type: <n/a>
     -  Clang's type: int

   ty_1 *, signed char 
     - computed type: <n/a>
     -  Clang's type: int

   ty_1 *, unsigned char 
     - computed type: <n/a>
     -  Clang's type: int

   ty_1 *, short 
     - computed type: <n/a>
     -  Clang's type: int

   ty_1 *, unsigned short 
     - computed type: <n/a>
     -  Clang's type: int

   ty_1 *, int 
     - computed type: <n/a>
     -  Clang's type: int

   ty_1 *, unsigned int 
     - computed type: <n/a>
     -  Clang's type: int

   ty_1 *, long 
     - computed type: <n/a>
     -  Clang's type: int

   ty_1 *, unsigned long 
     - computed type: <n/a>
     -  Clang's type: int

   ty_1 *, long long 
     - computed type: <n/a>
     -  Clang's type: int

   ty_1 *, unsigned long long 
     - computed type: <n/a>
     -  Clang's type: int

   ty_1 *, ptrdiff_t 
     - computed type: <n/a>
     -  Clang's type: int

   ty_1 *, ty_2 *
     - computed type: <n/a>
     -  Clang's type: int


<=
   FAILED:
   bool , ty_1 *
     - computed type: <n/a>
     -  Clang's type: int

   char , ty_1 *
     - computed type: <n/a>
     -  Clang's type: int

   signed char , ty_1 *
     - computed type: <n/a>
     -  Clang's type: int

   unsigned char , ty_1 *
     - computed type: <n/a>
     -  Clang's type: int

   short , ty_1 *
     - computed type: <n/a>
     -  Clang's type: int

   unsigned short , ty_1 *
     - computed type: <n/a>
     -  Clang's type: int

   int , ty_1 *
     - computed type: <n/a>
     -  Clang's type: int

   unsigned int , ty_1 *
     - computed type: <n/a>
     -  Clang's type: int

   long , ty_1 *
     - computed type: <n/a>
     -  Clang's type: int

   unsigned long , ty_1 *
     - computed type: <n/a>
     -  Clang's type: int

   long long , ty_1 *
     - computed type: <n/a>
     -  Clang's type: int

   unsigned long long , ty_1 *
     - computed type: <n/a>
     -  Clang's type: int

   ptrdiff_t , ty_1 *
     - computed type: <n/a>
     -  Clang's type: int

   ty_1 *, bool 
     - computed type: <n/a>
     -  Clang's type: int

   ty_1 *, char 
     - computed type: <n/a>
     -  Clang's type: int

   ty_1 *, signed char 
     - computed type: <n/a>
     -  Clang's type: int

   ty_1 *, unsigned char 
     - computed type: <n/a>
     -  Clang's type: int

   ty_1 *, short 
     - computed type: <n/a>
     -  Clang's type: int

   ty_1 *, unsigned short 
     - computed type: <n/a>
     -  Clang's type: int

   ty_1 *, int 
     - computed type: <n/a>
     -  Clang's type: int

   ty_1 *, unsigned int 
     - computed type: <n/a>
     -  Clang's type: int

   ty_1 *, long 
     - computed type: <n/a>
     -  Clang's type: int

   ty_1 *, unsigned long 
     - computed type: <n/a>
     -  Clang's type: int

   ty_1 *, long long 
     - computed type: <n/a>
     -  Clang's type: int

   ty_1 *, unsigned long long 
     - computed type: <n/a>
     -  Clang's type: int

   ty_1 *, ptrdiff_t 
     - computed type: <n/a>
     -  Clang's type: int

   ty_1 *, ty_2 *
     - computed type: <n/a>
     -  Clang's type: int


>
   FAILED:
   bool , ty_1 *
     - computed type: <n/a>
     -  Clang's type: int

   char , ty_1 *
     - computed type: <n/a>
     -  Clang's type: int

   signed char , ty_1 *
     - computed type: <n/a>
     -  Clang's type: int

   unsigned char , ty_1 *
     - computed type: <n/a>
     -  Clang's type: int

   short , ty_1 *
     - computed type: <n/a>
     -  Clang's type: int

   unsigned short , ty_1 *
     - computed type: <n/a>
     -  Clang's type: int

   int , ty_1 *
     - computed type: <n/a>
     -  Clang's type: int

   unsigned int , ty_1 *
     - computed type: <n/a>
     -  Clang's type: int

   long , ty_1 *
     - computed type: <n/a>
     -  Clang's type: int

   unsigned long , ty_1 *
     - computed type: <n/a>
     -  Clang's type: int

   long long , ty_1 *
     - computed type: <n/a>
     -  Clang's type: int

   unsigned long long , ty_1 *
     - computed type: <n/a>
     -  Clang's type: int

   ptrdiff_t , ty_1 *
     - computed type: <n/a>
     -  Clang's type: int

   ty_1 *, bool 
     - computed type: <n/a>
     -  Clang's type: int

   ty_1 *, char 
     - computed type: <n/a>
     -  Clang's type: int

   ty_1 *, signed char 
     - computed type: <n/a>
     -  Clang's type: int

   ty_1 *, unsigned char 
     - computed type: <n/a>
     -  Clang's type: int

   ty_1 *, short 
     - computed type: <n/a>
     -  Clang's type: int

   ty_1 *, unsigned short 
     - computed type: <n/a>
     -  Clang's type: int

   ty_1 *, int 
     - computed type: <n/a>
     -  Clang's type: int

   ty_1 *, unsigned int 
     - computed type: <n/a>
     -  Clang's type: int

   ty_1 *, long 
     - computed type: <n/a>
     -  Clang's type: int

   ty_1 *, unsigned long 
     - computed type: <n/a>
     -  Clang's type: int

   ty_1 *, long long 
     - computed type: <n/a>
     -  Clang's type: int

   ty_1 *, unsigned long long 
     - computed type: <n/a>
     -  Clang's type: int

   ty_1 *, ptrdiff_t 
     - computed type: <n/a>
     -  Clang's type: int

   ty_1 *, ty_2 *
     - computed type: <n/a>
     -  Clang's type: int


>=
   FAILED:
   bool , ty_1 *
     - computed type: <n/a>
     -  Clang's type: int

   char , ty_1 *
     - computed type: <n/a>
     -  Clang's type: int

   signed char , ty_1 *
     - computed type: <n/a>
     -  Clang's type: int

   unsigned char , ty_1 *
     - computed type: <n/a>
     -  Clang's type: int

   short , ty_1 *
     - computed type: <n/a>
     -  Clang's type: int

   unsigned short , ty_1 *
     - computed type: <n/a>
     -  Clang's type: int

   int , ty_1 *
     - computed type: <n/a>
     -  Clang's type: int

   unsigned int , ty_1 *
     - computed type: <n/a>
     -  Clang's type: int

   long , ty_1 *
     - computed type: <n/a>
     -  Clang's type: int

   unsigned long , ty_1 *
     - computed type: <n/a>
     -  Clang's type: int

   long long , ty_1 *
     - computed type: <n/a>
     -  Clang's type: int

   unsigned long long , ty_1 *
     - computed type: <n/a>
     -  Clang's type: int

   ptrdiff_t , ty_1 *
     - computed type: <n/a>
     -  Clang's type: int

   ty_1 *, bool 
     - computed type: <n/a>
     -  Clang's type: int

   ty_1 *, char 
     - computed type: <n/a>
     -  Clang's type: int

   ty_1 *, signed char 
     - computed type: <n/a>
     -  Clang's type: int

   ty_1 *, unsigned char 
     - computed type: <n/a>
     -  Clang's type: int

   ty_1 *, short 
     - computed type: <n/a>
     -  Clang's type: int

   ty_1 *, unsigned short 
     - computed type: <n/a>
     -  Clang's type: int

   ty_1 *, int 
     - computed type: <n/a>
     -  Clang's type: int

   ty_1 *, unsigned int 
     - computed type: <n/a>
     -  Clang's type: int

   ty_1 *, long 
     - computed type: <n/a>
     -  Clang's type: int

   ty_1 *, unsigned long 
     - computed type: <n/a>
     -  Clang's type: int

   ty_1 *, long long 
     - computed type: <n/a>
     -  Clang's type: int

   ty_1 *, unsigned long long 
     - computed type: <n/a>
     -  Clang's type: int

   ty_1 *, ptrdiff_t 
     - computed type: <n/a>
     -  Clang's type: int

   ty_1 *, ty_2 *
     - computed type: <n/a>
     -  Clang's type: int


==
   FAILED:
   bool , ty_1 *
     - computed type: <n/a>
     -  Clang's type: int

   char , ty_1 *
     - computed type: <n/a>
     -  Clang's type: int

   signed char , ty_1 *
     - computed type: <n/a>
     -  Clang's type: int

   unsigned char , ty_1 *
     - computed type: <n/a>
     -  Clang's type: int

   short , ty_1 *
     - computed type: <n/a>
     -  Clang's type: int

   unsigned short , ty_1 *
     - computed type: <n/a>
     -  Clang's type: int

   int , ty_1 *
     - computed type: <n/a>
     -  Clang's type: int

   unsigned int , ty_1 *
     - computed type: <n/a>
     -  Clang's type: int

   long , ty_1 *
     - computed type: <n/a>
     -  Clang's type: int

   unsigned long , ty_1 *
     - computed type: <n/a>
     -  Clang's type: int

   long long , ty_1 *
     - computed type: <n/a>
     -  Clang's type: int

   unsigned long long , ty_1 *
     - computed type: <n/a>
     -  Clang's type: int

   ptrdiff_t , ty_1 *
     - computed type: <n/a>
     -  Clang's type: int

   ty_1 *, bool 
     - computed type: <n/a>
     -  Clang's type: int

   ty_1 *, char 
     - computed type: <n/a>
     -  Clang's type: int

   ty_1 *, signed char 
     - computed type: <n/a>
     -  Clang's type: int

   ty_1 *, unsigned char 
     - computed type: <n/a>
     -  Clang's type: int

   ty_1 *, short 
     - computed type: <n/a>
     -  Clang's type: int

   ty_1 *, unsigned short 
     - computed type: <n/a>
     -  Clang's type: int

   ty_1 *, int 
     - computed type: <n/a>
     -  Clang's type: int

   ty_1 *, unsigned int 
     - computed type: <n/a>
     -  Clang's type: int

   ty_1 *, long 
     - computed type: <n/a>
     -  Clang's type: int

   ty_1 *, unsigned long 
     - computed type: <n/a>
     -  Clang's type: int

   ty_1 *, long long 
     - computed type: <n/a>
     -  Clang's type: int

   ty_1 *, unsigned long long 
     - computed type: <n/a>
     -  Clang's type: int

   ty_1 *, ptrdiff_t 
     - computed type: <n/a>
     -  Clang's type: int


!=
   FAILED:
   bool , ty_1 *
     - computed type: <n/a>
     -  Clang's type: int

   char , ty_1 *
     - computed type: <n/a>
     -  Clang's type: int

   signed char , ty_1 *
     - computed type: <n/a>
     -  Clang's type: int

   unsigned char , ty_1 *
     - computed type: <n/a>
     -  Clang's type: int

   short , ty_1 *
     - computed type: <n/a>
     -  Clang's type: int

   unsigned short , ty_1 *
     - computed type: <n/a>
     -  Clang's type: int

   int , ty_1 *
     - computed type: <n/a>
     -  Clang's type: int

   unsigned int , ty_1 *
     - computed type: <n/a>
     -  Clang's type: int

   long , ty_1 *
     - computed type: <n/a>
     -  Clang's type: int

   unsigned long , ty_1 *
     - computed type: <n/a>
     -  Clang's type: int

   long long , ty_1 *
     - computed type: <n/a>
     -  Clang's type: int

   unsigned long long , ty_1 *
     - computed type: <n/a>
     -  Clang's type: int

   ptrdiff_t , ty_1 *
     - computed type: <n/a>
     -  Clang's type: int

   ty_1 *, bool 
     - computed type: <n/a>
     -  Clang's type: int

   ty_1 *, char 
     - computed type: <n/a>
     -  Clang's type: int

   ty_1 *, signed char 
     - computed type: <n/a>
     -  Clang's type: int

   ty_1 *, unsigned char 
     - computed type: <n/a>
     -  Clang's type: int

   ty_1 *, short 
     - computed type: <n/a>
     -  Clang's type: int

   ty_1 *, unsigned short 
     - computed type: <n/a>
     -  Clang's type: int

   ty_1 *, int 
     - computed type: <n/a>
     -  Clang's type: int

   ty_1 *, unsigned int 
     - computed type: <n/a>
     -  Clang's type: int

   ty_1 *, long 
     - computed type: <n/a>
     -  Clang's type: int

   ty_1 *, unsigned long 
     - computed type: <n/a>
     -  Clang's type: int

   ty_1 *, long long 
     - computed type: <n/a>
     -  Clang's type: int

   ty_1 *, unsigned long long 
     - computed type: <n/a>
     -  Clang's type: int

   ty_1 *, ptrdiff_t 
     - computed type: <n/a>
     -  Clang's type: int


&
   FAILED:
   bool , ptrdiff_t 
     - computed type: ptrdiff_t
     -  Clang's type: long long

   char , ptrdiff_t 
     - computed type: ptrdiff_t
     -  Clang's type: long long

   signed char , ptrdiff_t 
     - computed type: ptrdiff_t
     -  Clang's type: long long

   unsigned char , ptrdiff_t 
     - computed type: ptrdiff_t
     -  Clang's type: long long

   short , ptrdiff_t 
     - computed type: ptrdiff_t
     -  Clang's type: long long

   unsigned short , ptrdiff_t 
     - computed type: ptrdiff_t
     -  Clang's type: long long

   int , ptrdiff_t 
     - computed type: ptrdiff_t
     -  Clang's type: long long

   unsigned int , long 
     - computed type: long
     -  Clang's type: unsigned long

   unsigned int , ptrdiff_t 
     - computed type: ptrdiff_t
     -  Clang's type: long long

   long , unsigned int 
     - computed type: long
     -  Clang's type: unsigned long

   long , ptrdiff_t 
     - computed type: long
     -  Clang's type: long long

   unsigned long , long long 
     - computed type: unsigned long long
     -  Clang's type: long long

   unsigned long , ptrdiff_t 
     - computed type: unsigned long
     -  Clang's type: long long

   long long , unsigned long 
     - computed type: unsigned long long
     -  Clang's type: long long

   ptrdiff_t , bool 
     - computed type: ptrdiff_t
     -  Clang's type: long long

   ptrdiff_t , char 
     - computed type: ptrdiff_t
     -  Clang's type: long long

   ptrdiff_t , signed char 
     - computed type: ptrdiff_t
     -  Clang's type: long long

   ptrdiff_t , unsigned char 
     - computed type: ptrdiff_t
     -  Clang's type: long long

   ptrdiff_t , short 
     - computed type: ptrdiff_t
     -  Clang's type: long long

   ptrdiff_t , unsigned short 
     - computed type: ptrdiff_t
     -  Clang's type: long long

   ptrdiff_t , int 
     - computed type: ptrdiff_t
     -  Clang's type: long long

   ptrdiff_t , unsigned int 
     - computed type: ptrdiff_t
     -  Clang's type: long long

   ptrdiff_t , long 
     - computed type: long
     -  Clang's type: long long

   ptrdiff_t , unsigned long 
     - computed type: unsigned long
     -  Clang's type: long long

   ptrdiff_t , ptrdiff_t 
     - computed type: ptrdiff_t
     -  Clang's type: long long


^
   FAILED:
   bool , ptrdiff_t 
     - computed type: ptrdiff_t
     -  Clang's type: long long

   char , ptrdiff_t 
     - computed type: ptrdiff_t
     -  Clang's type: long long

   signed char , ptrdiff_t 
     - computed type: ptrdiff_t
     -  Clang's type: long long

   unsigned char , ptrdiff_t 
     - computed type: ptrdiff_t
     -  Clang's type: long long

   short , ptrdiff_t 
     - computed type: ptrdiff_t
     -  Clang's type: long long

   unsigned short , ptrdiff_t 
     - computed type: ptrdiff_t
     -  Clang's type: long long

   int , ptrdiff_t 
     - computed type: ptrdiff_t
     -  Clang's type: long long

   unsigned int , long 
     - computed type: long
     -  Clang's type: unsigned long

   unsigned int , ptrdiff_t 
     - computed type: ptrdiff_t
     -  Clang's type: long long

   long , unsigned int 
     - computed type: long
     -  Clang's type: unsigned long

   long , ptrdiff_t 
     - computed type: long
     -  Clang's type: long long

   unsigned long , long long 
     - computed type: unsigned long long
     -  Clang's type: long long

   unsigned long , ptrdiff_t 
     - computed type: unsigned long
     -  Clang's type: long long

   long long , unsigned long 
     - computed type: unsigned long long
     -  Clang's type: long long

   ptrdiff_t , bool 
     - computed type: ptrdiff_t
     -  Clang's type: long long

   ptrdiff_t , char 
     - computed type: ptrdiff_t
     -  Clang's type: long long

   ptrdiff_t , signed char 
     - computed type: ptrdiff_t
     -  Clang's type: long long

   ptrdiff_t , unsigned char 
     - computed type: ptrdiff_t
     -  Clang's type: long long

   ptrdiff_t , short 
     - computed type: ptrdiff_t
     -  Clang's type: long long

   ptrdiff_t , unsigned short 
     - computed type: ptrdiff_t
     -  Clang's type: long long

   ptrdiff_t , int 
     - computed type: ptrdiff_t
     -  Clang's type: long long

   ptrdiff_t , unsigned int 
     - computed type: ptrdiff_t
     -  Clang's type: long long

   ptrdiff_t , long 
     - computed type: long
     -  Clang's type: long long

   ptrdiff_t , unsigned long 
     - computed type: unsigned long
     -  Clang's type: long long

   ptrdiff_t , ptrdiff_t 
     - computed type: ptrdiff_t
     -  Clang's type: long long


|
   FAILED:
   bool , ptrdiff_t 
     - computed type: ptrdiff_t
     -  Clang's type: long long

   char , ptrdiff_t 
     - computed type: ptrdiff_t
     -  Clang's type: long long

   signed char , ptrdiff_t 
     - computed type: ptrdiff_t
     -  Clang's type: long long

   unsigned char , ptrdiff_t 
     - computed type: ptrdiff_t
     -  Clang's type: long long

   short , ptrdiff_t 
     - computed type: ptrdiff_t
     -  Clang's type: long long

   unsigned short , ptrdiff_t 
     - computed type: ptrdiff_t
     -  Clang's type: long long

   int , ptrdiff_t 
     - computed type: ptrdiff_t
     -  Clang's type: long long

   unsigned int , long 
     - computed type: long
     -  Clang's type: unsigned long

   unsigned int , ptrdiff_t 
     - computed type: ptrdiff_t
     -  Clang's type: long long

   long , unsigned int 
     - computed type: long
     -  Clang's type: unsigned long

   long , ptrdiff_t 
     - computed type: long
     -  Clang's type: long long

   unsigned long , long long 
     - computed type: unsigned long long
     -  Clang's type: long long

   unsigned long , ptrdiff_t 
     - computed type: unsigned long
     -  Clang's type: long long

   long long , unsigned long 
     - computed type: unsigned long long
     -  Clang's type: long long

   ptrdiff_t , bool 
     - computed type: ptrdiff_t
     -  Clang's type: long long

   ptrdiff_t , char 
     - computed type: ptrdiff_t
     -  Clang's type: long long

   ptrdiff_t , signed char 
     - computed type: ptrdiff_t
     -  Clang's type: long long

   ptrdiff_t , unsigned char 
     - computed type: ptrdiff_t
     -  Clang's type: long long

   ptrdiff_t , short 
     - computed type: ptrdiff_t
     -  Clang's type: long long

   ptrdiff_t , unsigned short 
     - computed type: ptrdiff_t
     -  Clang's type: long long

   ptrdiff_t , int 
     - computed type: ptrdiff_t
     -  Clang's type: long long

   ptrdiff_t , unsigned int 
     - computed type: ptrdiff_t
     -  Clang's type: long long

   ptrdiff_t , long 
     - computed type: long
     -  Clang's type: long long

   ptrdiff_t , unsigned long 
     - computed type: unsigned long
     -  Clang's type: long long

   ptrdiff_t , ptrdiff_t 
     - computed type: ptrdiff_t
     -  Clang's type: long long


&&
   PASSED (257 tests)
||
   PASSED (257 tests)
Test suite tests: FAIL
Test suite logged to:
C:\Docs\Code\Haskell\hs-bindgen\dist-newstyle\build\x86_64-windows\ghc-9.10.1\typing-c-0.1.0.0\t\tests\test\typing-c-0.1.0.0-tests.log
0 of 1 test suites (0 of 1 test cases) passed.
Error: [Cabal-7125]
Tests failed for test:tests from typing-c-0.1.0.0.

